// Jest Snapshot v1, https://goo.gl/fbAQLP

exports[`should shuffle array 1`] = `
Array [
  "d",
  "c",
  "a",
  "b",
]
`;
